> Task :compileJava UP-TO-DATE
> Task :processResources UP-TO-DATE
> Task :classes UP-TO-DATE
> Task :resolveMainClassName

> Task :bootRun

  .   ____          _            __ _ _
 /\\ / ___'_ __ _ _(_)_ __  __ _ \ \ \ \
( ( )\___ | '_ | '_| | '_ \/ _` | \ \ \ \
 \\/  ___)| |_)| | | | | || (_| |  ) ) ) )
  '  |____| .__|_| |_|_| |_\__, | / / / /
 =========|_|==============|___/=/_/_/_/

 :: Spring Boot ::                (v4.1.1)

2026-10-01T18:35:31.196-03:00  INFO 16156 --- [seunutri] [  restartedMain] edu.ifsp.seunutri.SeunutriApplication    : Starting SeunutriApplication using Java 21.0.12.1 with PID 16156 (C:\Users\raula\OneDrive\Documentos\TCC\SeuNutri\build\classes\java\main started by raula in C:\Users\raula\OneDrive\Documentos\TCC\SeuNutri)
2026-10-01T18:35:31.227-03:00  INFO 16156 --- [seunutri] [  restartedMain] edu.ifsp.seunutri.SeunutriApplication    : No active profile set, falling back to 1 default profile: "default"
2026-10-01T18:35:31.828-03:00  INFO 16156 --- [seunutri] [  restartedMain] .e.DevToolsPropertyDefaultsPostProcessor : Devtools property defaults active! Set 'spring.devtools.add-properties' to 'false' to disable
2026-10-01T18:35:31.829-03:00  INFO 16156 --- [seunutri] [  restartedMain] .e.DevToolsPropertyDefaultsPostProcessor : For additional web related logging consider setting the 'logging.level.web' property to 'DEBUG'
2026-10-01T18:35:45.561-03:00  INFO 16156 --- [seunutri] [  restartedMain] .s.d.r.c.RepositoryConfigurationDelegate : Bootstrapping Spring Data JPA repositories in DEFAULT mode.
2026-10-01T18:35:46.613-03:00  INFO 16156 --- [seunutri] [  restartedMain] .s.d.r.c.RepositoryConfigurationDelegate : Finished Spring Data repository scanning in 779 ms. Found 1 JPA repository interface.
2026-10-01T18:35:55.946-03:00  INFO 16156 --- [seunutri] [  restartedMain] o.s.boot.tomcat.TomcatWebServer          : Tomcat initialized with port 8080 (http)
2026-10-01T18:35:56.331-03:00  INFO 16156 --- [seunutri] [  restartedMain] o.apache.catalina.core.StandardService   : Starting service [Tomcat]
2026-10-01T18:35:56.335-03:00  INFO 16156 --- [seunutri] [  restartedMain] o.apache.catalina.core.StandardEngine    : Starting Servlet engine: [Apache Tomcat/11.0.24]
2026-10-01T18:35:57.357-03:00  INFO 16156 --- [seunutri] [  restartedMain] b.w.c.s.WebApplicationContextInitializer : Root WebApplicationContext: initialization completed in 25506 ms
2026-10-01T18:36:00.916-03:00  INFO 16156 --- [seunutri] [  restartedMain] com.zaxxer.hikari.HikariDataSource       : HikariPool-1 - Starting...
2026-10-01T18:36:06.671-03:00  INFO 16156 --- [seunutri] [  restartedMain] com.zaxxer.hikari.pool.HikariPool        : HikariPool-1 - Added connection com.mysql.cj.jdbc.ConnectionImpl@414319e2
2026-10-01T18:36:06.687-03:00  INFO 16156 --- [seunutri] [  restartedMain] com.zaxxer.hikari.HikariDataSource       : HikariPool-1 - Start completed.
2026-10-01T18:36:09.559-03:00  INFO 16156 --- [seunutri] [  restartedMain] org.hibernate.orm.jpa                    : HHH008540: Processing PersistenceUnitInfo [name: default]
2026-10-01T18:36:11.285-03:00  INFO 16156 --- [seunutri] [  restartedMain] org.hibernate.orm.core                   : HHH000001: Hibernate ORM core version 7.4.5.Final
2026-10-01T18:36:21.357-03:00  INFO 16156 --- [seunutri] [  restartedMain] o.s.o.j.p.SpringPersistenceUnitInfo      : No LoadTimeWeaver setup: ignoring JPA class transformer
2026-10-01T18:36:22.805-03:00  INFO 16156 --- [seunutri] [  restartedMain] org.hibernate.orm.connections.pooling    : HHH10001005: Database info:
	Database JDBC URL [jdbc:mysql://localhost:3307/SeuNutri]
	Database driver: MySQL Connector/J
	Database dialect: MySQLDialect
	Database version: 8.0.46
	Default catalog/schema: SeuNutri/undefined
	Autocommit mode: undefined/unknown
	Isolation level: REPEATABLE_READ [default REPEATABLE_READ]
	JDBC fetch size: none
	Pool: DataSourceConnectionProvider
	Minimum pool size: undefined/unknown
	Maximum pool size: undefined/unknown
2026-10-01T18:36:41.425-03:00  INFO 16156 --- [seunutri] [  restartedMain] org.hibernate.orm.core                   : HHH000489: No JTA platform available (set 'hibernate.transaction.jta.platform' to enable JTA platform integration)
2026-10-01T18:36:42.073-03:00  INFO 16156 --- [seunutri] [  restartedMain] j.LocalContainerEntityManagerFactoryBean : Initialized JPA EntityManagerFactory for persistence unit 'default'
2026-10-01T18:36:44.118-03:00  INFO 16156 --- [seunutri] [  restartedMain] o.s.d.j.r.query.QueryEnhancerFactories   : Hibernate is in classpath; If applicable, HQL parser will be used.
2026-10-01T18:36:47.604-03:00  WARN 16156 --- [seunutri] [  restartedMain] JpaBaseConfiguration$JpaWebConfiguration : spring.jpa.open-in-view is enabled by default. Therefore, database queries may be performed during view rendering. Explicitly configure spring.jpa.open-in-view to disable this warning
2026-10-01T18:36:52.910-03:00  INFO 16156 --- [seunutri] [  restartedMain] o.s.boot.tomcat.TomcatWebServer          : Tomcat started on port 8080 (http) with context path '/'
2026-10-01T18:36:52.963-03:00  INFO 16156 --- [seunutri] [  restartedMain] edu.ifsp.seunutri.SeunutriApplication    : Started SeunutriApplication in 87.448 seconds (process running for 93.776)
2026-10-01T18:37:02.972-03:00  INFO 16156 --- [seunutri] [nio-8080-exec-1] o.a.c.c.C.[Tomcat].[localhost].[/]       : Initializing Spring DispatcherServlet 'dispatcherServlet'
2026-10-01T18:37:02.979-03:00  INFO 16156 --- [seunutri] [nio-8080-exec-1] o.s.web.servlet.DispatcherServlet        : Initializing Servlet 'dispatcherServlet'
2026-10-01T18:37:03.002-03:00  INFO 16156 --- [seunutri] [nio-8080-exec-1] o.s.web.servlet.DispatcherServlet        : Completed initialization in 19 ms
2026-10-01T18:37:05.013-03:00  WARN 16156 --- [seunutri] [nio-8080-exec-1] org.hibernate.orm.jdbc.error             : HHH000247: ErrorCode: 1451, SQLState: 23000
2026-10-01T18:37:05.014-03:00  WARN 16156 --- [seunutri] [nio-8080-exec-1] org.hibernate.orm.jdbc.error             : Cannot delete or update a parent row: a foreign key constraint fails (`seunutri`.`ficha`, CONSTRAINT `fk_Ficha_Prato1` FOREIGN KEY (`id_prato`) REFERENCES `prato` (`id`))
